// Jest Snapshot v1, https://goo.gl/fbAQLP

exports[`BasketItem component renders a BasketItem by default 1`] = `
<div
  className="tool-line-item"
>
  <div
    className="media"
  >
    <img
      alt="drill"
      src="https://res.cloudinary.com/tooltimeshare/image/upload/w_48/tools/drill.jpg"
    />
    <div
      className="title"
    >
      <p>
        drill
      </p>
    </div>
  </div>
  <div
    className="remove-from-basket"
  >
    <a
      href="/"
      onClick={[Function]}
    >
      <span
        className="x-symbol"
      >
        âœ•
      </span>
    </a>
  </div>
</div>
`;
