// Jest Snapshot v1, https://goo.gl/fbAQLP

exports[`ToolBoxMap component renders a ToolBoxMap by default 1`] = `<DefaultLoadingContainer />`;
